TestLogFileCreation-/>>>2025-03-07 18:57:24 : This is a test log message.
TestLogFileCreation-/>>>2025-03-07 18:57:47 : This is a test log message.
TestLogFileCreation-/>>>2025-03-07 20:43:24 : This is a test log message.
